{
  "44032": "hangul-common",
  "44033": "hangul-common",
  "44036": "hangul-common",
  "44040": "hangul-common",
  "44048": "hangul-common",
  "44049": "hangul-common",
  "44051": "hangul-common",
  "44053": "hangul-common",
  "44057": "hangul-common",
  "44060": "hangul-common",
  "44061": "hangul-common",
  "44064": "hangul-common",
  "44068": "hangul-common",
  "44076": "hangul-common",
  "44079": "hangul-common",
  "44081": "hangul-common",
  "44096": "hangul-common",
  "44144": "hangul-common",
  "44145": "hangul-common",
  "44148": "hangul-common",
  "44152": "hangul-common",
  "44160": "hangul-common",
  "44163": "hangul-common",
  "44165": "hangul-common",
  "44172": "hangul-common",
  "44176": "hangul-common",
  "44192": "hangul-common",
  "44200": "hangul-common",
  "44201": "hangul-common",
  "44204": "hangul-common",
  "44208": "hangul-common",
  "44216": "hangul-common",
  "44217": "hangul-common",
  "44221": "hangul-common",
  "44228": "hangul-common",
  "44256": "hangul-common",
  "44257": "hangul-common",
  "44260": "hangul-common",
  "44263": "hangul-common",
  "44264": "hangul-common",
  "44272": "hangul-common",
  "44273": "hangul-common",
  "44275": "hangul-common",
  "44277": "hangul-common",
  "44278": "hangul-common",
  "44284": "hangul-common",
  "44285": "hangul-common",
  "44288": "hangul-common",
  "44305": "hangul-common",
  "44312": "hangul-common",
  "44340": "hangul-common",
  "44344": "hangul-common",
  "44361": "hangul-common",
  "44368": "hangul-common",
  "44369": "hangul-common",
  "44396": "hangul-common",
  "44397": "hangul-common",
  "44400": "hangul-common",
  "44403": "hangul-common",
  "44404": "hangul-common",
  "44412": "hangul-common",
  "44413": "hangul-common",
  "44415": "hangul-common",
  "44417": "hangul-common",
  "44428": "hangul-common",
  "44432": "hangul-common",
  "44452": "hangul-common",
  "44480": "hangul-common",
  "44484": "hangul-common",
  "44508": "hangul-common",
  "44512": "hangul-common",
  "44516": "hangul-common",
  "44536": "hangul-common",
  "44537": "hangul-common",
  "44540": "hangul-common",
  "44544": "hangul-common",
  "44552": "hangul-common",
  "44553": "hangul-common",
  "44557": "hangul-common",
  "44592": "hangul-common",
  "44596": "hangul-common",
  "44600": "hangul-common",
  "44608": "hangul-common",
  "44611": "hangul-common",
  "44613": "hangul-common",
  "44618": "hangul-common",
  "44620": "hangul-common",
  "44621": "hangul-common",
  "44624": "hangul-common",
  "44628": "hangul-common",
  "44645": "hangul-common",
  "44648": "hangul-common",
  "44669": "hangul-common",
  "44732": "hangul-common",
  "44733": "hangul-common",
  "44749": "hangul-common",
  "44753": "hangul-common",
  "44760": "hangul-common",
  "44844": "hangul-common",
  "44845": "hangul-common",
  "44852": "hangul-common",
  "44860": "hangul-common",
  "44861": "hangul-common",
  "44865": "hangul-common",
  "44866": "hangul-common",
  "44867": "hangul-common",
  "44984": "hangul-common",
  "44992": "hangul-common",
  "45000": "hangul-common",
  "45033": "hangul-common",
  "45124": "hangul-common",
  "45132": "hangul-common",
  "45143": "hangul-common",
  "45149": "hangul-common",
  "45180": "hangul-common",
  "45196": "hangul-common",
  "45208": "hangul-common",
  "45209": "hangul-common",
  "45210": "hangul-common",
  "45212": "hangul-common",
  "45216": "hangul-common",
  "45224": "hangul-common",
  "45225": "hangul-common",
  "45227": "hangul-common",
  "45229": "hangul-common",
  "45236": "hangul-common",
  "45240": "hangul-common",
  "45244": "hangul-common",
  "45255": "hangul-common",
  "45257": "hangul-common",
  "45264": "hangul-common",
  "45285": "hangul-common",
  "45320": "hangul-common",
  "45321": "hangul-common",
  "45328": "hangul-common",
  "45331": "hangul-common",
  "45336": "hangul-common",
  "45337": "hangul-common",
  "45341": "hangul-common",
  "45348": "hangul-common",
  "45349": "hangul-common",
  "45352": "hangul-common",
  "45356": "hangul-common",
  "45367": "hangul-common",
  "45376": "hangul-common",
  "45377": "hangul-common",
  "45380": "hangul-common",
  "45392": "hangul-common",
  "45397": "hangul-common",
  "45400": "hangul-common",
  "45432": "hangul-common",
  "45433": "hangul-common",
  "45436": "hangul-common",
  "45440": "hangul-common",
  "45448": "hangul-common",
  "45453": "hangul-common",
  "45458": "hangul-common",
  "45516": "hangul-common",
  "45544": "hangul-common",
  "45572": "hangul-common",
  "45576": "hangul-common",
  "45580": "hangul-common",
  "45588": "hangul-common",
  "45656": "hangul-common",
  "45684": "hangul-common",
  "45700": "hangul-common",
  "45712": "hangul-common",
  "45713": "hangul-common",
  "45716": "hangul-common",
  "45720": "hangul-common",
  "45728": "hangul-common",
  "45733": "hangul-common",
  "45734": "hangul-common",
  "45738": "hangul-common",
  "45740": "hangul-common",
  "45768": "hangul-common",
  "45769": "hangul-common",
  "45776": "hangul-common",
  "45784": "hangul-common",
  "45787": "hangul-common",
  "45789": "hangul-common",
  "45796": "hangul-common",
  "45797": "hangul-common",
  "45800": "hangul-common",
  "45804": "hangul-common",
  "45805": "hangul-common",
  "45806": "hangul-common",
  "45812": "hangul-common",
  "45813": "hangul-common",
  "45815": "hangul-common",
  "45817": "hangul-common",
  "45824": "hangul-common",
  "45825": "hangul-common",
  "45828": "hangul-common",
  "45840": "hangul-common",
  "45843": "hangul-common",
  "45845": "hangul-common",
  "45908": "hangul-common",
  "45909": "hangul-common",
  "45912": "hangul-common",
  "45916": "hangul-common",
  "45924": "hangul-common",
  "45936": "hangul-common",
  "45937": "hangul-common",
  "45940": "hangul-common",
  "45944": "hangul-common",
  "45952": "hangul-common",
  "45957": "hangul-common",
  "46020": "hangul-common",
  "46021": "hangul-common",
  "46024": "hangul-common",
  "46027": "hangul-common",
  "46028": "hangul-common",
  "46036": "hangul-common",
  "46039": "hangul-common",
  "46041": "hangul-common",
  "46043": "hangul-common",
  "46045": "hangul-common",
  "46076": "hangul-common",
  "46104": "hangul-common",
  "46108": "hangul-common",
  "46123": "hangul-common",
  "46160": "hangul-common",
  "46161": "hangul-common",
  "46164": "hangul-common",
  "46168": "hangul-common",
  "46181": "hangul-common",
  "46244": "hangul-common",
  "46263": "hangul-common",
  "46272": "hangul-common",
  "46280": "hangul-common",
  "46300": "hangul-common",
  "46301": "hangul-common",
  "46304": "hangul-common",
  "46308": "hangul-common",
  "46316": "hangul-common",
  "46317": "hangul-common",
  "46321": "hangul-common",
  "46356": "hangul-common",
  "46357": "hangul-common",
  "46360": "hangul-common",
  "46364": "hangul-common",
  "46372": "hangul-common",
  "46373": "hangul-common",
  "46375": "hangul-common",
  "46377": "hangul-common",
  "46384": "hangul-common",
  "46385": "hangul-common",
  "46392": "hangul-common",
  "46405": "hangul-common",
  "46412": "hangul-common",
  "46428": "hangul-common",
  "46433": "hangul-common",
  "46496": "hangul-common",
  "46497": "hangul-common",
  "46515": "hangul-common",
  "46516": "hangul-common",
  "46524": "hangul-common",
  "46608": "hangul-common",
  "46616": "hangul-common",
  "46629": "hangul-common",
  "46748": "hangul-common",
  "46749": "hangul-common",
  "46763": "hangul-common",
  "46769": "hangul-common",
  "46888": "hangul-common",
  "46892": "hangul-common",
  "46896": "hangul-common",
  "46904": "hangul-common",
  "46907": "hangul-common",
  "46944": "hangul-common",
  "46972": "hangul-common",
  "46973": "hangul-common",
  "46976": "hangul-common",
  "46980": "hangul-common",
  "46988": "hangul-common",
  "46989": "hangul-common",
  "46993": "hangul-common",
  "47000": "hangul-common",
  "47001": "hangul-common",
  "47004": "hangul-common",
  "47016": "hangul-common",
  "47017": "hangul-common",
  "47019": "hangul-common",
  "47021": "hangul-common",
  "47028": "hangul-common",
  "47029": "hangul-common",
  "47049": "hangul-common",
  "47084": "hangul-common",
  "47085": "hangul-common",
  "47088": "hangul-common",
  "47092": "hangul-common",
  "47100": "hangul-common",
  "47101": "hangul-common",
  "47105": "hangul-common",
  "47112": "hangul-common",
  "47113": "hangul-common",
  "47116": "hangul-common",
  "47120": "hangul-common",
  "47128": "hangul-common",
  "47131": "hangul-common",
  "47140": "hangul-common",
  "47141": "hangul-common",
  "47144": "hangul-common",
  "47148": "hangul-common",
  "47156": "hangul-common",
  "47161": "hangul-common",
  "47168": "hangul-common",
  "47196": "hangul-common",
  "47197": "hangul-common",
  "47200": "hangul-common",
  "47204": "hangul-common",
  "47212": "hangul-common",
  "47213": "hangul-common",
  "47215": "hangul-common",
  "47217": "hangul-common",
  "47280": "hangul-common",
  "47308": "hangul-common",
  "47329": "hangul-common",
  "47336": "hangul-common",
  "47337": "hangul-common",
  "47340": "hangul-common",
  "47344": "hangul-common",
  "47352": "hangul-common",
  "47353": "hangul-common",
  "47355": "hangul-common",
  "47357": "hangul-common",
  "47448": "hangul-common",
  "47449": "hangul-common",
  "47452": "hangul-common",
  "47456": "hangul-common",
  "47464": "hangul-common",
  "47469": "hangul-common",
  "47476": "hangul-common",
  "47477": "hangul-common",
  "47480": "hangul-common",
  "47484": "hangul-common",
  "47492": "hangul-common",
  "47495": "hangul-common",
  "47497": "hangul-common",
  "47532": "hangul-common",
  "47533": "hangul-common",
  "47536": "hangul-common",
  "47540": "hangul-common",
  "47548": "hangul-common",
  "47549": "hangul-common",
  "47551": "hangul-common",
  "47553": "hangul-common",
  "47560": "hangul-common",
  "47561": "hangul-common",
  "47564": "hangul-common",
  "47568": "hangul-common",
  "47569": "hangul-common",
  "47576": "hangul-common",
  "47579": "hangul-common",
  "47581": "hangul-common",
  "47582": "hangul-common",
  "47588": "hangul-common",
  "47589": "hangul-common",
  "47592": "hangul-common",
  "47596": "hangul-common",
  "47605": "hangul-common",
  "47607": "hangul-common",
  "47609": "hangul-common",
  "47672": "hangul-common",
  "47673": "hangul-common",
  "47676": "hangul-common",
  "47680": "hangul-common",
  "47691": "hangul-common",
  "47693": "hangul-common",
  "47700": "hangul-common",
  "47701": "hangul-common",
  "47704": "hangul-common",
  "47708": "hangul-common",
  "47716": "hangul-common",
  "47719": "hangul-common",
  "47728": "hangul-common",
  "47729": "hangul-common",
  "47732": "hangul-common",
  "47736": "hangul-common",
  "47749": "hangul-common",
  "47784": "hangul-common",
  "47785": "hangul-common",
  "47788": "hangul-common",
  "47792": "hangul-common",
  "47800": "hangul-common",
  "47803": "hangul-common",
  "47805": "hangul-common",
  "47868": "hangul-common",
  "47896": "hangul-common",
  "47924": "hangul-common",
  "47925": "hangul-common",
  "47928": "hangul-common",
  "47932": "hangul-common",
  "47943": "hangul-common",
  "47945": "hangul-common",
  "48036": "hangul-common",
  "48064": "hangul-common",
  "48068": "hangul-common",
  "48120": "hangul-common",
  "48121": "hangul-common",
  "48124": "hangul-common",
  "48127": "hangul-common",
  "48128": "hangul-common",
  "48136": "hangul-common",
  "48139": "hangul-common",
  "48141": "hangul-common",
  "48143": "hangul-common",
  "48145": "hangul-common",
  "48148": "hangul-common",
  "48149": "hangul-common",
  "48150": "hangul-common",
  "48152": "hangul-common",
  "48155": "hangul-common",
  "48156": "hangul-common",
  "48157": "hangul-common",
  "48164": "hangul-common",
  "48165": "hangul-common",
  "48167": "hangul-common",
  "48169": "hangul-common",
  "48173": "hangul-common",
  "48176": "hangul-common",
  "48177": "hangul-common",
  "48184": "hangul-common",
  "48192": "hangul-common",
  "48195": "hangul-common",
  "48197": "hangul-common",
  "48260": "hangul-common",
  "48261": "hangul-common",
  "48264": "hangul-common",
  "48268": "hangul-common",
  "48276": "hangul-common",
  "48277": "hangul-common",
  "48279": "hangul-common",
  "48281": "hangul-common",
  "48282": "hangul-common",
  "48283": "hangul-common",
  "48288": "hangul-common",
  "48289": "hangul-common",
  "48292": "hangul-common",
  "48295": "hangul-common",
  "48296": "hangul-common",
  "48307": "hangul-common",
  "48316": "hangul-common",
  "48317": "hangul-common",
  "48320": "hangul-common",
  "48324": "hangul-common",
  "48337": "hangul-common",
  "48341": "hangul-common",
  "48348": "hangul-common",
  "48372": "hangul-common",
  "48373": "hangul-common",
  "48374": "hangul-common",
  "48376": "hangul-common",
  "48380": "hangul-common",
  "48388": "hangul-common",
  "48391": "hangul-common",
  "48393": "hangul-common",
  "48420": "hangul-common",
  "48512": "hangul-common",
  "48513": "hangul-common",
  "48516": "hangul-common",
  "48520": "hangul-common",
  "48521": "hangul-common",
  "48528": "hangul-common",
  "48533": "hangul-common",
  "48596": "hangul-common",
  "48624": "hangul-common",
  "48652": "hangul-common",
  "48656": "hangul-common",
  "48660": "hangul-common",
  "48708": "hangul-common",
  "48709": "hangul-common",
  "48712": "hangul-common",
  "48716": "hangul-common",
  "48725": "hangul-common",
  "48727": "hangul-common",
  "48729": "hangul-common",
  "48730": "hangul-common",
  "48731": "hangul-common",
  "48736": "hangul-common",
  "48744": "hangul-common",
  "48757": "hangul-common",
  "48764": "hangul-common",
  "48785": "hangul-common",
  "48876": "hangul-common",
  "48904": "hangul-common",
  "48960": "hangul-common",
  "48968": "hangul-common",
  "48981": "hangul-common",
  "49100": "hangul-common",
  "49104": "hangul-common",
  "49108": "hangul-common",
  "49240": "hangul-common",
  "49244": "hangul-common",
  "49256": "hangul-common",
  "49296": "hangul-common",
  "49324": "hangul-common",
  "49325": "hangul-common",
  "49328": "hangul-common",
  "49332": "hangul-common",
  "49334": "hangul-common",
  "49340": "hangul-common",
  "49341": "hangul-common",
  "49343": "hangul-common",
  "49345": "hangul-common",
  "49352": "hangul-common",
  "49353": "hangul-common",
  "49356": "hangul-common",
  "49360": "hangul-common",
  "49368": "hangul-common",
  "49371": "hangul-common",
  "49373": "hangul-common",
  "49380": "hangul-common",
  "49388": "hangul-common",
  "49397": "hangul-common",
  "49399": "hangul-common",
  "49401": "hangul-common",
  "49406": "hangul-common",
  "49436": "hangul-common",
  "49437": "hangul-common",
  "49440": "hangul-common",
  "49444": "hangul-common",
  "49452": "hangul-common",
  "49453": "hangul-common",
  "49455": "hangul-common",
  "49457": "hangul-common",
  "49462": "hangul-common",
  "49464": "hangul-common",
  "49468": "hangul-common",
  "49472": "hangul-common",
  "49480": "hangul-common",
  "49481": "hangul-common",
  "49483": "hangul-common",
  "49492": "hangul-common",
  "49496": "hangul-common",
  "49500": "hangul-common",
  "49520": "hangul-common",
  "49548": "hangul-common",
  "49549": "hangul-common",
  "49552": "hangul-common",
  "49555": "hangul-common",
  "49556": "hangul-common",
  "49564": "hangul-common",
  "49565": "hangul-common",
  "49567": "hangul-common",
  "49569": "hangul-common",
  "49573": "hangul-common",
  "49604": "hangul-common",
  "49632": "hangul-common",
  "49651": "hangul-common",
  "49660": "hangul-common",
  "49681": "hangul-common",
  "49688": "hangul-common",
  "49689": "hangul-common",
  "49692": "hangul-common",
  "49696": "hangul-common",
  "49704": "hangul-common",
  "49707": "hangul-common",
  "49709": "hangul-common",
  "49711": "hangul-common",
  "49714": "hangul-common",
  "49744": "hangul-common",
  "49752": "hangul-common",
  "49772": "hangul-common",
  "49780": "hangul-common",
  "49788": "hangul-common",
  "49800": "hangul-common",
  "49808": "hangul-common",
  "49828": "hangul-common",
  "49832": "hangul-common",
  "49836": "hangul-common",
  "49844": "hangul-common",
  "49845": "hangul-common",
  "49849": "hangul-common",
  "49884": "hangul-common",
  "49885": "hangul-common",
  "49888": "hangul-common",
  "49892": "hangul-common",
  "49900": "hangul-common",
  "49901": "hangul-common",
  "49903": "hangul-common",
  "49905": "hangul-common",
  "49912": "hangul-common",
  "49913": "hangul-common",
  "49916": "hangul-common",
  "49920": "hangul-common",
  "49928": "hangul-common",
  "49933": "hangul-common",
  "49944": "hangul-common",
  "50024": "hangul-common",
  "50028": "hangul-common",
  "50032": "hangul-common",
  "50040": "hangul-common",
  "50052": "hangul-common",
  "50056": "hangul-common",
  "50136": "hangul-common",
  "50137": "hangul-common",
  "50144": "hangul-common",
  "50277": "hangul-common",
  "50416": "hangul-common",
  "50472": "hangul-common",
  "50476": "hangul-common",
  "50493": "hangul-common",
  "50500": "hangul-common",
  "50501": "hangul-common",
  "50504": "hangul-common",
  "50508": "hangul-common",
  "50516": "hangul-common",
  "50517": "hangul-common",
  "50519": "hangul-common",
  "50521": "hangul-common",
  "50526": "hangul-common",
  "50528": "hangul-common",
  "50529": "hangul-common",
  "50532": "hangul-common",
  "50536": "hangul-common",
  "50544": "hangul-common",
  "50549": "hangul-common",
  "50556": "hangul-common",
  "50557": "hangul-common",
  "50560": "hangul-common",
  "50564": "hangul-common",
  "50575": "hangul-common",
  "50577": "hangul-common",
  "50612": "hangul-common",
  "50613": "hangul-common",
  "50616": "hangul-common",
  "50620": "hangul-common",
  "50628": "hangul-common",
  "50629": "hangul-common",
  "50630": "hangul-common",
  "50631": "hangul-common",
  "50633": "hangul-common",
  "50640": "hangul-common",
  "50641": "hangul-common",
  "50644": "hangul-common",
  "50648": "hangul-common",
  "50656": "hangul-common",
  "50659": "hangul-common",
  "50661": "hangul-common",
  "50668": "hangul-common",
  "50669": "hangul-common",
  "50672": "hangul-common",
  "50676": "hangul-common",
  "50684": "hangul-common",
  "50685": "hangul-common",
  "50689": "hangul-common",
  "50694": "hangul-common",
  "50696": "hangul-common",
  "50704": "hangul-common",
  "50715": "hangul-common",
  "50724": "hangul-common",
  "50725": "hangul-common",
  "50728": "hangul-common",
  "50732": "hangul-common",
  "50740": "hangul-common",
  "50743": "hangul-common",
  "50745": "hangul-common",
  "50752": "hangul-common",
  "50756": "hangul-common",
  "50760": "hangul-common",
  "50772": "hangul-common",
  "50773": "hangul-common",
  "50780": "hangul-common",
  "50808": "hangul-common",
  "50836": "hangul-common",
  "50837": "hangul-common",
  "50857": "hangul-common",
  "50864": "hangul-common",
  "50865": "hangul-common",
  "50868": "hangul-common",
  "50872": "hangul-common",
  "50880": "hangul-common",
  "50883": "hangul-common",
  "50885": "hangul-common",
  "50892": "hangul-common",
  "50893": "hangul-common",
  "50896": "hangul-common",
  "50900": "hangul-common",
  "50920": "hangul-common",
  "50928": "hangul-common",
  "50937": "hangul-common",
  "50948": "hangul-common",
  "50949": "hangul-common",
  "50952": "hangul-common",
  "50956": "hangul-common",
  "50967": "hangul-common",
  "50969": "hangul-common",
  "50976": "hangul-common",
  "50977": "hangul-common",
  "50980": "hangul-common",
  "50984": "hangul-common",
  "50997": "hangul-common",
  "51004": "hangul-common",
  "51008": "hangul-common",
  "51012": "hangul-common",
  "51020": "hangul-common",
  "51021": "hangul-common",
  "51025": "hangul-common",
  "51032": "hangul-common",
  "51060": "hangul-common",
  "51061": "hangul-common",
  "51064": "hangul-common",
  "51068": "hangul-common",
  "51076": "hangul-common",
  "51077": "hangul-common",
  "51079": "hangul-common",
  "51080": "hangul-common",
  "51081": "hangul-common",
  "51086": "hangul-common",
  "51088": "hangul-common",
  "51089": "hangul-common",
  "51092": "hangul-common",
  "51104": "hangul-common",
  "51105": "hangul-common",
  "51107": "hangul-common",
  "51109": "hangul-common",
  "51116": "hangul-common",
  "51132": "hangul-common",
  "51135": "hangul-common",
  "51137": "hangul-common",
  "51144": "hangul-common",
  "51200": "hangul-common",
  "51201": "hangul-common",
  "51204": "hangul-common",
  "51208": "hangul-common",
  "51216": "hangul-common",
  "51217": "hangul-common",
  "51219": "hangul-common",
  "51221": "hangul-common",
  "51228": "hangul-common",
  "51229": "hangul-common",
  "51232": "hangul-common",
  "51236": "hangul-common",
  "51244": "hangul-common",
  "51256": "hangul-common",
  "51260": "hangul-common",
  "51312": "hangul-common",
  "51313": "hangul-common",
  "51316": "hangul-common",
  "51333": "hangul-common",
  "51339": "hangul-common",
  "51340": "hangul-common",
  "51424": "hangul-common",
  "51428": "hangul-common",
  "51452": "hangul-common",
  "51453": "hangul-common",
  "51456": "hangul-common",
  "51460": "hangul-common",
  "51473": "hangul-common",
  "51564": "hangul-common",
  "51592": "hangul-common",
  "51593": "hangul-common",
  "51596": "hangul-common",
  "51600": "hangul-common",
  "51608": "hangul-common",
  "51613": "hangul-common",
  "51648": "hangul-common",
  "51649": "hangul-common",
  "51652": "hangul-common",
  "51656": "hangul-common",
  "51664": "hangul-common",
  "51665": "hangul-common",
  "51667": "hangul-common",
  "51669": "hangul-common",
  "51674": "hangul-common",
  "51676": "hangul-common",
  "51677": "hangul-common",
  "51692": "hangul-common",
  "51697": "hangul-common",
  "51900": "hangul-common",
  "51901": "hangul-common",
  "52041": "hangul-common",
  "52180": "hangul-common",
  "52236": "hangul-common",
  "52252": "hangul-common",
  "52264": "hangul-common",
  "52265": "hangul-common",
  "52268": "hangul-common",
  "52272": "hangul-common",
  "52280": "hangul-common",
  "52285": "hangul-common",
  "52292": "hangul-common",
  "52293": "hangul-common",
  "52308": "hangul-common",
  "52320": "hangul-common",
  "52376": "hangul-common",
  "52377": "hangul-common",
  "52380": "hangul-common",
  "52384": "hangul-common",
  "52392": "hangul-common",
  "52393": "hangul-common",
  "52395": "hangul-common",
  "52397": "hangul-common",
  "52404": "hangul-common",
  "52408": "hangul-common",
  "52412": "hangul-common",
  "52432": "hangul-common",
  "52488": "hangul-common",
  "52489": "hangul-common",
  "52492": "hangul-common",
  "52507": "hangul-common",
  "52509": "hangul-common",
  "52524": "hangul-common",
  "52572": "hangul-common",
  "52600": "hangul-common",
  "52628": "hangul-common",
  "52629": "hangul-common",
  "52632": "hangul-common",
  "52636": "hangul-common",
  "52644": "hangul-common",
  "52649": "hangul-common",
  "52712": "hangul-common",
  "52740": "hangul-common",
  "52768": "hangul-common",
  "52769": "hangul-common",
  "52770": "hangul-common",
  "52789": "hangul-common",
  "52824": "hangul-common",
  "52828": "hangul-common",
  "52832": "hangul-common",
  "52833": "hangul-common",
  "52840": "hangul-common",
  "52843": "hangul-common",
  "52845": "hangul-common",
  "52852": "hangul-common",
  "52856": "hangul-common",
  "52860": "hangul-common",
  "52868": "hangul-common",
  "52880": "hangul-common",
  "52884": "hangul-common",
  "52888": "hangul-common",
  "52896": "hangul-common",
  "52899": "hangul-common",
  "52964": "hangul-common",
  "52968": "hangul-common",
  "52972": "hangul-common",
  "52980": "hangul-common",
  "52981": "hangul-common",
  "52992": "hangul-common",
  "52996": "hangul-common",
  "53000": "hangul-common",
  "53011": "hangul-common",
  "53076": "hangul-common",
  "53080": "hangul-common",
  "53084": "hangul-common",
  "53092": "hangul-common",
  "53097": "hangul-common",
  "53104": "hangul-common",
  "53132": "hangul-common",
  "53188": "hangul-common",
  "53216": "hangul-common",
  "53224": "hangul-common",
  "53272": "hangul-common",
  "53301": "hangul-common",
  "53304": "hangul-common",
  "53328": "hangul-common",
  "53356": "hangul-common",
  "53360": "hangul-common",
  "53364": "hangul-common",
  "53412": "hangul-common",
  "53416": "hangul-common",
  "53428": "hangul-common",
  "53433": "hangul-common",
  "53440": "hangul-common",
  "53441": "hangul-common",
  "53444": "hangul-common",
  "53448": "hangul-common",
  "53456": "hangul-common",
  "53457": "hangul-common",
  "53461": "hangul-common",
  "53468": "hangul-common",
  "53469": "hangul-common",
  "53472": "hangul-common",
  "53489": "hangul-common",
  "53552": "hangul-common",
  "53553": "hangul-common",
  "53556": "hangul-common",
  "53560": "hangul-common",
  "53568": "hangul-common",
  "53569": "hangul-common",
  "53571": "hangul-common",
  "53580": "hangul-common",
  "53581": "hangul-common",
  "53584": "hangul-common",
  "53588": "hangul-common",
  "53596": "hangul-common",
  "53664": "hangul-common",
  "53665": "hangul-common",
  "53668": "hangul-common",
  "53672": "hangul-common",
  "53680": "hangul-common",
  "53681": "hangul-common",
  "53683": "hangul-common",
  "53685": "hangul-common",
  "53748": "hangul-common",
  "53804": "hangul-common",
  "53812": "hangul-common",
  "53825": "hangul-common",
  "53916": "hangul-common",
  "53944": "hangul-common",
  "53945": "hangul-common",
  "53948": "hangul-common",
  "53952": "hangul-common",
  "54000": "hangul-common",
  "54001": "hangul-common",
  "54004": "hangul-common",
  "54008": "hangul-common",
  "54016": "hangul-common",
  "54021": "hangul-common",
  "54028": "hangul-common",
  "54029": "hangul-common",
  "54032": "hangul-common",
  "54036": "hangul-common",
  "54044": "hangul-common",
  "54045": "hangul-common",
  "54049": "hangul-common",
  "54056": "hangul-common",
  "54057": "hangul-common",
  "54060": "hangul-common",
  "54064": "hangul-common",
  "54075": "hangul-common",
  "54077": "hangul-common",
  "54140": "hangul-common",
  "54144": "hangul-common",
  "54148": "hangul-common",
  "54156": "hangul-common",
  "54168": "hangul-common",
  "54169": "hangul-common",
  "54172": "hangul-common",
  "54176": "hangul-common",
  "54187": "hangul-common",
  "54200": "hangul-common",
  "54217": "hangul-common",
  "54224": "hangul-common",
  "54252": "hangul-common",
  "54253": "hangul-common",
  "54256": "hangul-common",
  "54260": "hangul-common",
  "54268": "hangul-common",
  "54364": "hangul-common",
  "54392": "hangul-common",
  "54396": "hangul-common",
  "54400": "hangul-common",
  "54408": "hangul-common",
  "54411": "hangul-common",
  "54413": "hangul-common",
  "54504": "hangul-common",
  "54532": "hangul-common",
  "54536": "hangul-common",
  "54540": "hangul-common",
  "54588": "hangul-common",
  "54589": "hangul-common",
  "54592": "hangul-common",
  "54596": "hangul-common",
  "54609": "hangul-common",
  "54616": "hangul-common",
  "54617": "hangul-common",
  "54620": "hangul-common",
  "54624": "hangul-common",
  "54632": "hangul-common",
  "54633": "hangul-common",
  "54635": "hangul-common",
  "54637": "hangul-common",
  "54644": "hangul-common",
  "54645": "hangul-common",
  "54648": "hangul-common",
  "54660": "hangul-common",
  "54663": "hangul-common",
  "54665": "hangul-common",
  "54693": "hangul-common",
  "54728": "hangul-common",
  "54732": "hangul-common",
  "54736": "hangul-common",
  "54744": "hangul-common",
  "54747": "hangul-common",
  "54756": "hangul-common",
  "54760": "hangul-common",
  "54764": "hangul-common",
  "54785": "hangul-common",
  "54788": "hangul-common",
  "54792": "hangul-common",
  "54801": "hangul-common",
  "54805": "hangul-common",
  "54812": "hangul-common",
  "54840": "hangul-common",
  "54844": "hangul-common",
  "54848": "hangul-common",
  "54856": "hangul-common",
  "54857": "hangul-common",
  "54861": "hangul-common",
  "54868": "hangul-common",
  "54869": "hangul-common",
  "54872": "hangul-common",
  "54876": "hangul-common",
  "54885": "hangul-common",
  "54889": "hangul-common",
  "54915": "hangul-common",
  "54924": "hangul-common",
  "54925": "hangul-common",
  "54943": "hangul-common",
  "54945": "hangul-common",
  "54952": "hangul-common",
  "54980": "hangul-common",
  "54984": "hangul-common",
  "55012": "hangul-common",
  "55036": "hangul-common",
  "55064": "hangul-common",
  "55072": "hangul-common",
  "55092": "hangul-common",
  "55113": "hangul-common",
  "55121": "hangul-common",
  "55124": "hangul-common",
  "55128": "hangul-common",
  "55129": "hangul-common",
  "55136": "hangul-common",
  "55137": "hangul-common",
  "55141": "hangul-common",
  "55148": "hangul-common",
  "55152": "hangul-common",
  "55176": "hangul-common",
  "55184": "hangul-common",
  "55192": "hangul-common"
}