
{
  "layers": {
    "landuse": {
      "version": 1,
      "name": "landuse",
      "extent": 4096,
      "length": 3,
      "shaping": {},
      "faces": [],
      "_keys": [
        "class",
        "osm_id"
      ],
      "_values": [
        "park",
        0,
        0,
        "sand",
        0
      ],
      "_features": [
        13,
        225,
        325
      ]
    },
    "waterway": {
      "version": 1,
      "name": "waterway",
      "extent": 4096,
      "length": 11,
      "shaping": {},
      "faces": [],
      "_keys": [
        "osm_id",
        "type"
      ],
      "_values": [
        102639147,
        "stream",
        28483936,
        28544165,
        28544279,
        28544488,
        28544489,
        28544658,
        28544491,
        28544660,
        28544661,
        28544659
      ],
      "_features": [
        556,
        629,
        925,
        973,
        1049,
        1146,
        1193,
        1234,
        1272,
        1298,
        1357
      ]
    },
    "water": {
      "version": 1,
      "name": "water",
      "extent": 4096,
      "length": 5,
      "shaping": {},
      "faces": [],
      "_keys": [
        "osm_id"
      ],
      "_values": [
        0,
        0,
        0,
        0,
        0
      ],
      "_features": [
        1555,
        2026,
        2107,
        2153,
        2201
      ]
    },
    "road": {
      "version": 1,
      "name": "road",
      "extent": 4096,
      "length": 37,
      "shaping": {},
      "faces": [],
      "_keys": [
        "class",
        "oneway",
        "osm_id",
        "type"
      ],
      "_values": [
        "street_limited",
        0,
        12176014,
        "residential",
        "street",
        102638413,
        12190176,
        125871922,
        "unclassified",
        12172969,
        12171395,
        12172974,
        12171388,
        12176906,
        12184872,
        12188141,
        82660225,
        12185663,
        232292986,
        236784059,
        12187833,
        12180093,
        12181692,
        12179250,
        12182785,
        207142176,
        232292987,
        12181251,
        112429240,
        12172937,
        12178793,
        12184634,
        12175654,
        12187257,
        12183699,
        "main",
        112926169,
        "primary",
        239213058,
        174215004,
        157338248,
        174215024,
        88159974,
        "tertiary",
        12177297,
        12177319
      ],
      "_features": [
        2402,
        2524,
        2619,
        2653,
        2767,
        2836,
        2870,
        2903,
        2981,
        3009,
        3042,
        3070,
        3107,
        3144,
        3214,
        3245,
        3367,
        3427,
        3470,
        3501,
        3546,
        3615,
        3660,
        3689,
        3719,
        3772,
        3822,
        3857,
        3889,
        3923,
        4101,
        4159,
        4281,
        4570,
        4611,
        4919,
        4958
      ]
    },
    "bridge": {
      "version": 1,
      "name": "bridge",
      "extent": 4096,
      "length": 2,
      "shaping": {},
      "faces": [],
      "_keys": [
        "class",
        "oneway",
        "osm_id",
        "type"
      ],
      "_values": [
        "service",
        0,
        207142221,
        "track",
        "street",
        207142175,
        "residential"
      ],
      "_features": [
        5723,
        5752
      ]
    },
    "place_label": {
      "version": 1,
      "name": "place_label",
      "extent": 4096,
      "length": 3,
      "shaping": {},
      "faces": [],
      "_keys": [
        "name",
        "name_de",
        "name_en",
        "name_es",
        "name_fr",
        "osm_id",
        "type",
        "ldir",
        "scalerank"
      ],
      "_values": [
        "Mill Valley",
        0,
        "town",
        "",
        "Tamalpais Valley",
        0,
        0,
        "hamlet",
        "Muir Beach",
        0
      ],
      "_features": [
        6058,
        6096,
        6138
      ]
    },
    "poi_label": {
      "version": 1,
      "name": "poi_label",
      "extent": 4096,
      "length": 1,
      "shaping": {},
      "faces": [],
      "_keys": [
        "localrank",
        "maki",
        "name",
        "name_de",
        "name_en",
        "name_es",
        "name_fr",
        "osm_id",
        "ref",
        "scalerank",
        "type"
      ],
      "_values": [
        1,
        "park",
        "Muir Woods National Monument",
        0,
        "",
        "Park"
      ],
      "_features": [
        6406
      ]
    },
    "road_label": {
      "version": 1,
      "name": "road_label",
      "extent": 4096,
      "length": 7,
      "shaping": {},
      "faces": [],
      "_keys": [
        "class",
        "len",
        "name",
        "name_de",
        "name_en",
        "name_es",
        "name_fr",
        "osm_id",
        "ref",
        "reflen"
      ],
      "_values": [
        "main",
        7396.168723572097,
        "Panoramic Hwy",
        "Panoramic Highway",
        88159974,
        "",
        0,
        4357.193150547803,
        "Shoreline Hwy",
        "Shoreline Highway",
        157338250,
        3528.44005555027,
        174215024,
        2928.2679350617123,
        125871918,
        7600.032638046431,
        12177319,
        2513.4221036393283,
        174215004,
        1716.9016582189813,
        12188378
      ],
      "_features": [
        6622,
        6783,
        6879,
        7328,
        7512,
        8269,
        8570
      ]
    }
  },
  "faces": {}
}