{
  "layers": {
    "landuse": {
      "version": 1,
      "name": "landuse",
      "extent": 4096,
      "length": 3,
      "shaping": {},
      "faces": [],
      "_keys": [
        "class",
        "osm_id"
      ],
      "_values": [
        "park",
        0,
        0,
        "sand",
        0
      ],
      "_features": [
        13,
        225,
        325
      ]
    },
    "waterway": {
      "version": 1,
      "name": "waterway",
      "extent": 4096,
      "length": 11,
      "shaping": {},
      "faces": [],
      "_keys": [
        "osm_id",
        "type"
      ],
      "_values": [
        102639147,
        "stream",
        28483936,
        28544165,
        28544279,
        28544488,
        28544489,
        28544658,
        28544491,
        28544660,
        28544661,
        28544659
      ],
      "_features": [
        597,
        670,
        966,
        1014,
        1090,
        1187,
        1234,
        1275,
        1313,
        1339,
        1398
      ]
    },
    "water": {
      "version": 1,
      "name": "water",
      "extent": 4096,
      "length": 5,
      "shaping": {},
      "faces": [],
      "_keys": [
        "osm_id"
      ],
      "_values": [
        0,
        0,
        0,
        0,
        0
      ],
      "_features": [
        1637,
        2108,
        2189,
        2235,
        2283
      ]
    },
    "road": {
      "version": 1,
      "name": "road",
      "extent": 4096,
      "length": 37,
      "shaping": {},
      "faces": [],
      "_keys": [
        "class",
        "oneway",
        "osm_id",
        "type"
      ],
      "_values": [
        "street_limited",
        0,
        12176014,
        "residential",
        "street",
        102638413,
        12190176,
        125871922,
        "unclassified",
        12172969,
        12171395,
        12172974,
        12171388,
        12176906,
        12184872,
        12188141,
        82660225,
        12185663,
        232292986,
        236784059,
        12187833,
        12180093,
        12181692,
        12179250,
        12182785,
        207142176,
        232292987,
        12181251,
        112429240,
        12172937,
        12178793,
        12184634,
        12175654,
        12187257,
        12183699,
        "main",
        112926169,
        "primary",
        239213058,
        174215004,
        157338248,
        174215024,
        88159974,
        "tertiary",
        12177297,
        12177319
      ],
      "_features": [
        2730,
        2852,
        2947,
        2981,
        3095,
        3164,
        3198,
        3231,
        3309,
        3337,
        3370,
        3398,
        3435,
        3472,
        3542,
        3573,
        3695,
        3755,
        3798,
        3829,
        3874,
        3943,
        3988,
        4017,
        4047,
        4100,
        4150,
        4185,
        4217,
        4251,
        4429,
        4487,
        4609,
        4898,
        4939,
        5247,
        5286
      ]
    },
    "bridge": {
      "version": 1,
      "name": "bridge",
      "extent": 4096,
      "length": 2,
      "shaping": {},
      "faces": [],
      "_keys": [
        "class",
        "oneway",
        "osm_id",
        "type"
      ],
      "_values": [
        "service",
        0,
        207142221,
        "track",
        "street",
        207142175,
        "residential"
      ],
      "_features": [
        6092,
        6121
      ]
    },
    "place_label": {
      "version": 1,
      "name": "place_label",
      "extent": 4096,
      "length": 3,
      "shaping": {
        "Open Sans Regular, Siyam Rupali Regular": {
          "Mill Valley": [
            {
              "face": 0,
              "glyph": 48,
              "x": 0,
              "y": 26
            },
            {
              "face": 0,
              "glyph": 76,
              "x": 21,
              "y": 26
            },
            {
              "face": 0,
              "glyph": 79,
              "x": 27,
              "y": 26
            },
            {
              "face": 0,
              "glyph": 79,
              "x": 33,
              "y": 26
            },
            {
              "face": 0,
              "glyph": 3,
              "x": 39,
              "y": 26
            },
            {
              "face": 0,
              "glyph": 57,
              "x": 45,
              "y": 26
            },
            {
              "face": 0,
              "glyph": 68,
              "x": 59,
              "y": 26
            },
            {
              "face": 0,
              "glyph": 79,
              "x": 72,
              "y": 26
            },
            {
              "face": 0,
              "glyph": 79,
              "x": 78,
              "y": 26
            },
            {
              "face": 0,
              "glyph": 72,
              "x": 84,
              "y": 26
            },
            {
              "face": 0,
              "glyph": 92,
              "x": 97,
              "y": 26
            }
          ],
          "Tamalpais Valley": [
            {
              "face": 0,
              "glyph": 55,
              "x": 0,
              "y": 26
            },
            {
              "face": 0,
              "glyph": 68,
              "x": 13,
              "y": 26
            },
            {
              "face": 0,
              "glyph": 80,
              "x": 26,
              "y": 26
            },
            {
              "face": 0,
              "glyph": 68,
              "x": 48,
              "y": 26
            },
            {
              "face": 0,
              "glyph": 79,
              "x": 61,
              "y": 26
            },
            {
              "face": 0,
              "glyph": 83,
              "x": 67,
              "y": 26
            },
            {
              "face": 0,
              "glyph": 68,
              "x": 81,
              "y": 26
            },
            {
              "face": 0,
              "glyph": 76,
              "x": 94,
              "y": 26
            },
            {
              "face": 0,
              "glyph": 86,
              "x": 100,
              "y": 26
            },
            {
              "face": 0,
              "glyph": 3,
              "x": 111,
              "y": 26
            },
            {
              "face": 0,
              "glyph": 57,
              "x": 117,
              "y": 26
            },
            {
              "face": 0,
              "glyph": 68,
              "x": 131,
              "y": 26
            },
            {
              "face": 0,
              "glyph": 79,
              "x": 144,
              "y": 26
            },
            {
              "face": 0,
              "glyph": 79,
              "x": 150,
              "y": 26
            },
            {
              "face": 0,
              "glyph": 72,
              "x": 156,
              "y": 26
            },
            {
              "face": 0,
              "glyph": 92,
              "x": 169,
              "y": 26
            }
          ],
          "Muir Beach": [
            {
              "face": 0,
              "glyph": 48,
              "x": 0,
              "y": 26
            },
            {
              "face": 0,
              "glyph": 88,
              "x": 21,
              "y": 26
            },
            {
              "face": 0,
              "glyph": 76,
              "x": 35,
              "y": 26
            },
            {
              "face": 0,
              "glyph": 85,
              "x": 41,
              "y": 26
            },
            {
              "face": 0,
              "glyph": 3,
              "x": 50,
              "y": 26
            },
            {
              "face": 0,
              "glyph": 37,
              "x": 56,
              "y": 26
            },
            {
              "face": 0,
              "glyph": 72,
              "x": 71,
              "y": 26
            },
            {
              "face": 0,
              "glyph": 68,
              "x": 84,
              "y": 26
            },
            {
              "face": 0,
              "glyph": 70,
              "x": 97,
              "y": 26
            },
            {
              "face": 0,
              "glyph": 75,
              "x": 108,
              "y": 26
            }
          ]
        }
      },
      "faces": [
        "Open Sans Regular"
      ],
      "_keys": [
        "name",
        "name_de",
        "name_en",
        "name_es",
        "name_fr",
        "osm_id",
        "type",
        "ldir",
        "scalerank"
      ],
      "_values": [
        "Mill Valley",
        0,
        "town",
        "",
        "Tamalpais Valley",
        0,
        0,
        "hamlet",
        "Muir Beach",
        0
      ],
      "_features": [
        6673,
        6711,
        6753
      ]
    },
    "poi_label": {
      "version": 1,
      "name": "poi_label",
      "extent": 4096,
      "length": 1,
      "shaping": {
        "Open Sans Regular, Siyam Rupali Regular": {
          "Muir Woods National Monument": [
            {
              "face": 0,
              "glyph": 48,
              "x": 0,
              "y": 26
            },
            {
              "face": 0,
              "glyph": 88,
              "x": 21,
              "y": 26
            },
            {
              "face": 0,
              "glyph": 76,
              "x": 35,
              "y": 26
            },
            {
              "face": 0,
              "glyph": 85,
              "x": 41,
              "y": 26
            },
            {
              "face": 0,
              "glyph": 3,
              "x": 50,
              "y": 26
            },
            {
              "face": 0,
              "glyph": 58,
              "x": 56,
              "y": 26
            },
            {
              "face": 0,
              "glyph": 82,
              "x": 78,
              "y": 26
            },
            {
              "face": 0,
              "glyph": 82,
              "x": 92,
              "y": 26
            },
            {
              "face": 0,
              "glyph": 71,
              "x": 106,
              "y": 26
            },
            {
              "face": 0,
              "glyph": 86,
              "x": 120,
              "y": 26
            },
            {
              "face": 0,
              "glyph": 3,
              "x": 131,
              "y": 26
            },
            {
              "face": 0,
              "glyph": 49,
              "x": 137,
              "y": 26
            },
            {
              "face": 0,
              "glyph": 68,
              "x": 155,
              "y": 26
            },
            {
              "face": 0,
              "glyph": 87,
              "x": 168,
              "y": 26
            },
            {
              "face": 0,
              "glyph": 76,
              "x": 176,
              "y": 26
            },
            {
              "face": 0,
              "glyph": 82,
              "x": 182,
              "y": 26
            },
            {
              "face": 0,
              "glyph": 81,
              "x": 196,
              "y": 26
            },
            {
              "face": 0,
              "glyph": 68,
              "x": 210,
              "y": 26
            },
            {
              "face": 0,
              "glyph": 79,
              "x": 223,
              "y": 26
            },
            {
              "face": 0,
              "glyph": 3,
              "x": 229,
              "y": 26
            },
            {
              "face": 0,
              "glyph": 48,
              "x": 235,
              "y": 26
            },
            {
              "face": 0,
              "glyph": 82,
              "x": 256,
              "y": 26
            },
            {
              "face": 0,
              "glyph": 81,
              "x": 270,
              "y": 26
            },
            {
              "face": 0,
              "glyph": 88,
              "x": 284,
              "y": 26
            },
            {
              "face": 0,
              "glyph": 80,
              "x": 298,
              "y": 26
            },
            {
              "face": 0,
              "glyph": 72,
              "x": 320,
              "y": 26
            },
            {
              "face": 0,
              "glyph": 81,
              "x": 333,
              "y": 26
            },
            {
              "face": 0,
              "glyph": 87,
              "x": 347,
              "y": 26
            }
          ]
        }
      },
      "faces": [
        "Open Sans Regular"
      ],
      "_keys": [
        "localrank",
        "maki",
        "name",
        "name_de",
        "name_en",
        "name_es",
        "name_fr",
        "osm_id",
        "ref",
        "scalerank",
        "type"
      ],
      "_values": [
        1,
        "park",
        "Muir Woods National Monument",
        0,
        "",
        "Park"
      ],
      "_features": [
        7336
      ]
    },
    "road_label": {
      "version": 1,
      "name": "road_label",
      "extent": 4096,
      "length": 7,
      "shaping": {
        "Open Sans Regular, Siyam Rupali Regular": {
          "Panoramic Hwy": [
            {
              "face": 0,
              "glyph": 51,
              "x": 0,
              "y": 26
            },
            {
              "face": 0,
              "glyph": 68,
              "x": 14,
              "y": 26
            },
            {
              "face": 0,
              "glyph": 81,
              "x": 27,
              "y": 26
            },
            {
              "face": 0,
              "glyph": 82,
              "x": 41,
              "y": 26
            },
            {
              "face": 0,
              "glyph": 85,
              "x": 55,
              "y": 26
            },
            {
              "face": 0,
              "glyph": 68,
              "x": 64,
              "y": 26
            },
            {
              "face": 0,
              "glyph": 80,
              "x": 77,
              "y": 26
            },
            {
              "face": 0,
              "glyph": 76,
              "x": 99,
              "y": 26
            },
            {
              "face": 0,
              "glyph": 70,
              "x": 105,
              "y": 26
            },
            {
              "face": 0,
              "glyph": 3,
              "x": 116,
              "y": 26
            },
            {
              "face": 0,
              "glyph": 43,
              "x": 122,
              "y": 26
            },
            {
              "face": 0,
              "glyph": 90,
              "x": 139,
              "y": 26
            },
            {
              "face": 0,
              "glyph": 92,
              "x": 157,
              "y": 26
            }
          ],
          "Shoreline Hwy": [
            {
              "face": 0,
              "glyph": 54,
              "x": 0,
              "y": 26
            },
            {
              "face": 0,
              "glyph": 75,
              "x": 13,
              "y": 26
            },
            {
              "face": 0,
              "glyph": 82,
              "x": 27,
              "y": 26
            },
            {
              "face": 0,
              "glyph": 85,
              "x": 41,
              "y": 26
            },
            {
              "face": 0,
              "glyph": 72,
              "x": 50,
              "y": 26
            },
            {
              "face": 0,
              "glyph": 79,
              "x": 63,
              "y": 26
            },
            {
              "face": 0,
              "glyph": 76,
              "x": 69,
              "y": 26
            },
            {
              "face": 0,
              "glyph": 81,
              "x": 75,
              "y": 26
            },
            {
              "face": 0,
              "glyph": 72,
              "x": 89,
              "y": 26
            },
            {
              "face": 0,
              "glyph": 3,
              "x": 102,
              "y": 26
            },
            {
              "face": 0,
              "glyph": 43,
              "x": 108,
              "y": 26
            },
            {
              "face": 0,
              "glyph": 90,
              "x": 125,
              "y": 26
            },
            {
              "face": 0,
              "glyph": 92,
              "x": 143,
              "y": 26
            }
          ]
        }
      },
      "faces": [
        "Open Sans Regular"
      ],
      "_keys": [
        "class",
        "len",
        "name",
        "name_de",
        "name_en",
        "name_es",
        "name_fr",
        "osm_id",
        "ref",
        "reflen"
      ],
      "_values": [
        "main",
        3.24726585621383e-30,
        "Panoramic Hwy",
        "Panoramic Highway",
        88159974,
        "",
        0,
        2.400967176277616e-282,
        "Shoreline Hwy",
        "Shoreline Highway",
        157338250,
        -3.5374641373867552e-106,
        174215024,
        2.5478559558583238e-290,
        125871918,
        2.8620821391011392e-272,
        12177319,
        -3.9768183589805764e+158,
        174215004,
        -6.989142333384454e+37,
        12188378
      ],
      "_features": [
        7757,
        7918,
        8014,
        8463,
        8647,
        9404,
        9705
      ]
    }
  },
  "faces": {
    "Open Sans Regular": {
      "glyphs": {
        "3": {
          "id": 3,
          "width": 0,
          "height": 0,
          "left": 0,
          "top": 0,
          "advance": 6
        },
        "37": {
          "id": 37,
          "width": 13,
          "height": 18,
          "left": 2,
          "top": 18,
          "advance": 15
        },
        "43": {
          "id": 43,
          "width": 14,
          "height": 18,
          "left": 2,
          "top": 18,
          "advance": 17
        },
        "48": {
          "id": 48,
          "width": 18,
          "height": 18,
          "left": 2,
          "top": 18,
          "advance": 21
        },
        "49": {
          "id": 49,
          "width": 14,
          "height": 18,
          "left": 2,
          "top": 18,
          "advance": 18
        },
        "51": {
          "id": 51,
          "width": 12,
          "height": 18,
          "left": 2,
          "top": 18,
          "advance": 14
        },
        "54": {
          "id": 54,
          "width": 12,
          "height": 19,
          "left": 1,
          "top": 18,
          "advance": 13
        },
        "55": {
          "id": 55,
          "width": 14,
          "height": 18,
          "left": 0,
          "top": 18,
          "advance": 13
        },
        "57": {
          "id": 57,
          "width": 15,
          "height": 18,
          "left": 0,
          "top": 18,
          "advance": 14
        },
        "58": {
          "id": 58,
          "width": 22,
          "height": 18,
          "left": 0,
          "top": 18,
          "advance": 22
        },
        "68": {
          "id": 68,
          "width": 11,
          "height": 15,
          "left": 1,
          "top": 14,
          "advance": 13
        },
        "70": {
          "id": 70,
          "width": 10,
          "height": 15,
          "left": 1,
          "top": 14,
          "advance": 11
        },
        "71": {
          "id": 71,
          "width": 12,
          "height": 20,
          "left": 1,
          "top": 19,
          "advance": 14
        },
        "72": {
          "id": 72,
          "width": 12,
          "height": 15,
          "left": 1,
          "top": 14,
          "advance": 13
        },
        "75": {
          "id": 75,
          "width": 11,
          "height": 19,
          "left": 2,
          "top": 19,
          "advance": 14
        },
        "76": {
          "id": 76,
          "width": 4,
          "height": 18,
          "left": 1,
          "top": 18,
          "advance": 6
        },
        "79": {
          "id": 79,
          "width": 3,
          "height": 19,
          "left": 2,
          "top": 19,
          "advance": 6
        },
        "80": {
          "id": 80,
          "width": 19,
          "height": 14,
          "left": 2,
          "top": 14,
          "advance": 22
        },
        "81": {
          "id": 81,
          "width": 11,
          "height": 14,
          "left": 2,
          "top": 14,
          "advance": 14
        },
        "82": {
          "id": 82,
          "width": 13,
          "height": 15,
          "left": 1,
          "top": 14,
          "advance": 14
        },
        "83": {
          "id": 83,
          "width": 12,
          "height": 20,
          "left": 2,
          "top": 14,
          "advance": 14
        },
        "85": {
          "id": 85,
          "width": 8,
          "height": 14,
          "left": 2,
          "top": 14,
          "advance": 9
        },
        "86": {
          "id": 86,
          "width": 10,
          "height": 15,
          "left": 1,
          "top": 14,
          "advance": 11
        },
        "87": {
          "id": 87,
          "width": 8,
          "height": 17,
          "left": 0,
          "top": 16,
          "advance": 8
        },
        "88": {
          "id": 88,
          "width": 12,
          "height": 14,
          "left": 1,
          "top": 13,
          "advance": 14
        },
        "90": {
          "id": 90,
          "width": 19,
          "height": 13,
          "left": 0,
          "top": 13,
          "advance": 18
        },
        "92": {
          "id": 92,
          "width": 13,
          "height": 19,
          "left": 0,
          "top": 13,
          "advance": 12
        }
      },
      "family": "Open Sans",
      "style": "Regular"
    }
  }
}